
> visualization-studio@1.0.0 build:webpack
> next build --webpack && node scripts/prepare-standalone.mjs

▲ Next.js 16.3.1 (webpack)
✓ Running next.config.ts took 731ms

  Creating an optimized production build ...
✓ Compiled successfully in 4.5s
  Running TypeScript ...
  Finished TypeScript in 5.0s ...
  Collecting page data using 5 workers ...
  Generating static pages using 5 workers (0/4) ...
  Generating static pages using 5 workers (1/4) 
  Generating static pages using 5 workers (2/4) 
  Generating static pages using 5 workers (3/4) 
✓ Generating static pages using 5 workers (4/4) in 461ms
  Finalizing page optimization ...
  Collecting build traces ...

Route (app)
┌ ○ /
├ ○ /_not-found
└ ƒ /api/ai/plan


○  (Static)   prerendered as static content
ƒ  (Dynamic)  server-rendered on demand

Prepared .next/standalone with static assets.
